10:14:54 <INFO> Started REINVENT 4.5.11 (C) AstraZeneca 2017, 2023 on 2025-07-22
10:14:54 <INFO> Command line: /home/wouter/reinvent4/bin/reinvent -l sampling.log ./configs/toml/sampling.toml
10:14:54 <INFO> Reading run configuration from /home/wouter/VECMA/Python/REINVENT4/REINVENT4_UQ/configs/toml/sampling.toml using format toml
10:14:54 <INFO> User wouter on host wouter-XPS-13-7390
10:14:54 <INFO> Python version 3.10.12
10:14:54 <INFO> PyTorch version 2.6.0+cpu, git 2236df1770800ffea5697b11b0bb0d910b2e59e1
10:14:54 <INFO> PyTorch compiled with CUDA version None
10:14:54 <INFO> RDKit version 2023.09.5
10:14:54 <INFO> Platform Linux-6.8.0-64-generic-x86_64-with-glibc2.39
10:14:54 <INFO> Number of PyTorch CUDA devices 0
10:14:54 <INFO> Using CPU x86_64
10:14:54 <INFO> Writing JSON config file to /home/wouter/VECMA/Python/REINVENT4/REINVENT4_UQ/_sampling.json
10:14:54 <INFO> Starting Sampling
10:14:54 <INFO> /home/wouter/VECMA/Python/REINVENT4/REINVENT4_UQ/priors/reinvent.prior has valid hash:
{ 'comments': [],
  'creation_date': 0,
  'date_format': 'UNIX epoch',
  'hash_id': '173568c36e1fc3d95cab289c7d31ce0b',
  'hash_id_format': 'xxhash.xxh3_128_hex 3.4.1',
  'model_id': '55d68f8a81c04f5a86304ebe1723a0ea',
  'model_id_format': 'uuid.uuid4 3.10.12',
  'origina_data_source': 'ChEMBL 25',
  'updates': []}
10:14:54 <INFO> Number of network parameters: 5,805,602
10:14:54 <INFO> Network architecture:
RNN(
  (_embedding): Embedding(34, 256)
  (_rnn): LSTM(256, 512, num_layers=3, batch_first=True)
  (_linear): Linear(in_features=512, out_features=34, bias=True)
)
10:14:54 <INFO> Using generator Reinvent
10:14:54 <INFO> Writing sampled SMILES to CSV file sampling.csv
10:14:54 <INFO> Sampling 1 SMILES from model priors/reinvent.prior
10:14:55 <INFO> Peak main memory usage: 530.727 MiB
10:14:55 <INFO> Finished REINVENT on 2025-07-22
