11:05:18 <INFO> Started REINVENT 4.5.11 (C) AstraZeneca 2017, 2023 on 2025-06-16
11:05:18 <INFO> Command line: /home/wouter/reinvent4/bin/reinvent -l scoring.log ./configs/toml/QoIs.toml
11:05:18 <INFO> Reading run configuration from /home/wouter/VECMA/Python/REINVENT4/REINVENT4_UQ/configs/toml/QoIs.toml using format toml
11:05:18 <INFO> User wouter on host wouter-XPS-13-7390
11:05:18 <INFO> Python version 3.10.12
11:05:18 <INFO> PyTorch version 2.6.0+cpu, git 2236df1770800ffea5697b11b0bb0d910b2e59e1
11:05:18 <INFO> PyTorch compiled with CUDA version None
11:05:18 <INFO> RDKit version 2023.09.5
11:05:18 <INFO> Platform Linux-6.8.0-60-generic-x86_64-with-glibc2.39
11:05:18 <INFO> Number of PyTorch CUDA devices 0
11:05:18 <INFO> Using CPU x86_64
11:05:18 <INFO> Writing JSON config file to /home/wouter/VECMA/Python/REINVENT4/REINVENT4_UQ/_scoring.json
11:05:18 <INFO> Scoring SMILES from file /home/wouter/VECMA/Python/REINVENT4/samples/dropout_softmax.smi
11:05:18 <INFO> Standardizing input SMILES
11:05:18 <INFO> Applying filter get_largest_fragment to input SMILES
11:05:18 <INFO> Applying filter general_cleanup to input SMILES
11:05:18 <INFO> Stereochemistry kept in input SMILES
11:05:22 <INFO> Registered scoring component ROCSSimilarity
11:05:22 <INFO> Registered scoring component GroupCount
11:05:22 <INFO> Registered scoring component FragmentQed
11:05:22 <INFO> Registered scoring component FragmentSlogP
11:05:22 <INFO> Registered scoring component FragmentMolecularWeight
11:05:22 <INFO> Registered scoring component FragmentTPSA
11:05:22 <INFO> Registered scoring component FragmentDistanceMatrix
11:05:22 <INFO> Registered scoring component FragmentNumAtomStereoCenters
11:05:22 <INFO> Registered scoring component FragmentHBondAcceptors
11:05:22 <INFO> Registered scoring component FragmentHBondDonors
11:05:22 <INFO> Registered scoring component FragmentNumRotBond
11:05:22 <INFO> Registered scoring component FragmentCsp3
11:05:22 <INFO> Registered scoring component Fragmentnumsp
11:05:22 <INFO> Registered scoring component Fragmentnumsp2
11:05:22 <INFO> Registered scoring component Fragmentnumsp3
11:05:22 <INFO> Registered scoring component FragmentEffectiveLength
11:05:22 <INFO> Registered scoring component FragmentGraphLength
11:05:22 <INFO> Registered scoring component FragmentLengthRatio
11:05:22 <INFO> Registered scoring component FragmentNumHeavyAtoms
11:05:22 <INFO> Registered scoring component FragmentNumHeteroAtoms
11:05:22 <INFO> Registered scoring component FragmentNumRings
11:05:22 <INFO> Registered scoring component FragmentNumAromaticRings
11:05:22 <INFO> Registered scoring component FragmentNumAliphaticRings
11:05:22 <INFO> Registered scoring component FragmentSlogP
11:05:22 <INFO> Registered scoring component MatchingSubstructure
11:05:22 <INFO> Registered scoring component MolVolume
11:05:22 <INFO> Registered scoring component Qed
11:05:22 <INFO> Registered scoring component SlogP
11:05:22 <INFO> Registered scoring component MolecularWeight
11:05:22 <INFO> Registered scoring component GraphLength
11:05:22 <INFO> Registered scoring component NumAtomStereoCenters
11:05:22 <INFO> Registered scoring component HBondAcceptors
11:05:22 <INFO> Registered scoring component HBondDonors
11:05:22 <INFO> Registered scoring component NumRotBond
11:05:22 <INFO> Registered scoring component Csp3
11:05:22 <INFO> Registered scoring component numsp
11:05:22 <INFO> Registered scoring component numsp2
11:05:22 <INFO> Registered scoring component numsp3
11:05:22 <INFO> Registered scoring component NumHeavyAtoms
11:05:22 <INFO> Registered scoring component NumHeteroAtoms
11:05:22 <INFO> Registered scoring component NumRings
11:05:22 <INFO> Registered scoring component NumAromaticRings
11:05:22 <INFO> Registered scoring component NumAliphaticRings
11:05:22 <INFO> Registered scoring component SlogP
11:05:22 <INFO> Registered scoring component PMI
11:05:22 <INFO> Registered scoring component RDKitDescriptors
11:05:22 <INFO> Registered scoring component TanimotoSimilarity
11:05:22 <INFO> Registered scoring component TanimotoDistance
11:05:22 <INFO> Registered scoring component TPSA
11:05:22 <INFO> Registered scoring component SAScore
11:05:23 <INFO> Registered scoring component ChemProp
11:05:23 <INFO> Registered scoring component CustomAlerts
11:05:23 <INFO> Registered scoring component DockStream
11:05:23 <INFO> Registered scoring component ExternalProcess
11:05:23 <INFO> Registered scoring component REST
11:05:23 <INFO> Registered scoring component Icolos
11:05:23 <INFO> Registered scoring component Maize
11:05:23 <INFO> Registered scoring component MMP
11:05:23 <INFO> Registered scoring component Qptuna
11:05:23 <INFO> Registered scoring component ReactionFilter
11:05:23 <INFO> Creating scoring component MolecularWeight
11:05:23 <INFO> Creating scoring component NumHeavyAtoms
11:05:23 <INFO> Creating scoring component HBondAcceptors
11:05:23 <INFO> Creating scoring component HBondDonors
11:05:23 <INFO> Creating scoring component NumAromaticRings
11:05:23 <INFO> Creating scoring component SlogP
11:05:23 <INFO> Creating scoring component NumRotBond
11:05:23 <INFO> Creating scoring component SAScore
11:05:31 <INFO> Number of SMILES processed: 8503
11:05:31 <INFO> Writing scoring results to /home/wouter/VECMA/Python/REINVENT4/REINVENT4_UQ/scoring_dropout_softmax.csv
11:05:31 <INFO> Peak main memory usage: 789.422 MiB
11:05:31 <INFO> Finished REINVENT on 2025-06-16
