23:51:12 <INFO> Started REINVENT 4.5.11 (C) AstraZeneca 2017, 2023 on 2025-07-06
23:51:12 <INFO> Command line: /home/wouter/reinvent4/bin/reinvent -l uq.log ./configs/toml/uq.toml
23:51:12 <INFO> Reading run configuration from /home/wouter/VECMA/Python/REINVENT4/REINVENT4_UQ/configs/toml/uq.toml using format toml
23:51:12 <INFO> User wouter on host wouter-XPS-13-7390
23:51:12 <INFO> Python version 3.10.12
23:51:12 <INFO> PyTorch version 2.6.0+cpu, git 2236df1770800ffea5697b11b0bb0d910b2e59e1
23:51:12 <INFO> PyTorch compiled with CUDA version None
23:51:12 <INFO> RDKit version 2023.09.5
23:51:12 <INFO> Platform Linux-6.8.0-63-generic-x86_64-with-glibc2.39
23:51:12 <INFO> Number of PyTorch CUDA devices 0
23:51:12 <INFO> Using CPU x86_64
23:51:12 <INFO> Writing JSON config file to /home/wouter/VECMA/Python/REINVENT4/REINVENT4_UQ/_sampling.json
23:51:12 <INFO> Starting UQ Sampling
23:51:12 <INFO> UQ: Setting mode to training.
23:51:12 <ERRO> /home/wouter/VECMA/Python/REINVENT4/REINVENT4_UQ/priors/uq.prior has invalid hash:
{ 'comments': [],
  'creation_date': 0,
  'date_format': 'UNIX epoch',
  'hash_id': '173568c36e1fc3d95cab289c7d31ce0b',
  'hash_id_format': 'xxhash.xxh3_128_hex 3.4.1',
  'model_id': '55d68f8a81c04f5a86304ebe1723a0ea',
  'model_id_format': 'uuid.uuid4 3.10.12',
  'origina_data_source': 'ChEMBL 25',
  'updates': []}
23:51:12 <INFO> Number of network parameters: 5,805,602
23:51:12 <INFO> Network architecture:
RNN(
  (_embedding): Embedding(34, 256)
  (_rnn): LSTM(256, 512, num_layers=3, batch_first=True)
  (_linear): Linear(in_features=512, out_features=34, bias=True)
)
23:51:12 <INFO> Using generator Reinvent_UQ
23:51:12 <INFO> Writing sampled SMILES to CSV file uq.csv
23:51:12 <INFO> UQ: Setting dropout probability to 0.0
23:51:12 <INFO> Reading partial input smiles from input.smi
23:51:12 <INFO> Sampling 10000 SMILES from model priors/uq.prior
00:26:03 <INFO> Peak main memory usage: 634.012 MiB
00:26:03 <INFO> Finished REINVENT on 2025-07-07
